// Jest Snapshot v1, https://goo.gl/fbAQLP

exports[`<Header /> should render correctly 1`] = `
<div
  className="header-component no-print"
>
  <NavLink
    activeClassName="active"
    className="header-link"
    to="/"
  >
    <img
      alt=""
      className="map-thumbnail"
    />
    <span
      className="header-title"
    />
  </NavLink>
</div>
`;
